Resolving dependencies...
Downloading packages...
  _fe_analyzer_shared 91.0.0 (97.0.0 available)
  analyzer 8.4.1 (11.0.0 available)
  app_links 6.4.1 (7.0.0 available)
  archive 4.0.7 (4.0.9 available)
  build_config 1.2.0 (1.3.0 available)
  dart_jsonwebtoken 3.3.1 (3.3.2 available)
  dart_style 3.1.3 (3.1.6 available)
  ffi 2.1.5 (2.2.0 available)
  fl_chart 0.66.2 (1.1.1 available)
  flutter_riverpod 3.2.0 (3.2.1 available)
  flutter_stripe 12.2.0 (12.3.0 available)
  freezed 3.2.3 (3.2.5 available)
  go_router 17.0.1 (17.1.0 available)
  google_fonts 7.0.2 (8.0.2 available)
  image 4.5.4 (4.8.0 available)
  image_picker_android 0.8.13+13 (0.8.13+14 available)
  json_annotation 4.9.0 (4.11.0 available)
  json_serializable 6.11.2 (6.13.0 available)
  lints 6.0.0 (6.1.0 available)
  matcher 0.12.18 (0.12.19 available)
  meta 1.17.0 (1.18.1 available)
  path_provider_foundation 2.5.1 (2.6.0 available)
  petitparser 7.0.1 (7.0.2 available)
  posix 6.0.3 (6.5.0 available)
  riverpod 3.2.0 (3.2.1 available)
  shared_preferences_android 2.4.18 (2.4.21 available)
  source_helper 1.3.8 (1.3.10 available)
  source_span 1.10.1 (1.10.2 available)
  stripe_android 12.2.0 (12.3.0 available)
  stripe_ios 12.2.0 (12.3.0 available)
  stripe_platform_interface 12.2.0 (12.3.0 available)
  test 1.29.0 (1.30.0 available)
  test_api 0.7.9 (0.7.10 available)
  test_core 0.6.15 (0.6.16 available)
  url_launcher_ios 6.3.6 (6.4.1 available)
  uuid 4.5.2 (4.5.3 available)
Got dependencies!
36 packages have newer versions incompatible with dependency constraints.
Try `flutter pub outdated` for more information.
Running Gradle task 'assembleDebug'...                          
flutter : lib/logic/providers.dart:117:7: Error: 
The non-abstract class 'ProductFilter' is missing 
implementations for these members:
En línea: 1 Carácter: 1
+ flutter build apk --debug > build_output.txt 
2>&1
+ 
~~~~~~~~~~~~~~~~~~~~~~~~~~~~~~~~~~~~~~~~~~~~~~~~~
    + CategoryInfo          : NotSpecified: (lib/ 
   logic/provi... these members::String) [], Rem  
  oteException
    + FullyQualifiedErrorId : NativeCommandError
 
 - _$ProductFilter.brand
 - _$ProductFilter.categoryId
 - _$ProductFilter.color
 - _$ProductFilter.maxPriceCents
 - _$ProductFilter.minPriceCents
 - _$ProductFilter.searchQuery
 - _$ProductFilter.sortBy
Try to either
 - provide an implementation,
 - inherit an implementation from a superclass or 
mixin,
 - mark the class as abstract, or
 - provide a 'noSuchMethod' implementation.
class ProductFilter with _$ProductFilter {
      ^^^^^^^^^^^^^
lib/logic/providers.freezed.dart:17:14: Context: 
'_$ProductFilter.brand' is defined here.
 String? get brand; String? get categoryId; 
String? get color; int? get minPriceCents; int? 
get maxPriceCents; String get sortBy; String? get 
searchQuery;
             ^^^^^
lib/logic/providers.freezed.dart:17:33: Context: 
'_$ProductFilter.categoryId' is defined here.
 String? get brand; String? get categoryId; 
String? get color; int? get minPriceCents; int? 
get maxPriceCents; String get sortBy; String? get 
searchQuery;
                                ^^^^^^^^^^
lib/logic/providers.freezed.dart:17:57: Context: 
'_$ProductFilter.color' is defined here.
 String? get brand; String? get categoryId; 
String? get color; int? get minPriceCents; int? 
get maxPriceCents; String get sortBy; String? get 
searchQuery;
                                                  
      ^^^^^
lib/logic/providers.freezed.dart:17:97: Context: 
'_$ProductFilter.maxPriceCents' is defined here.
 String? get brand; String? get categoryId; 
String? get color; int? get minPriceCents; int? 
get maxPriceCents; String get sortBy; String? get 
searchQuery;
                                                  
                                        
^^^^^^^^^^^^^
lib/logic/providers.freezed.dart:17:73: Context: 
'_$ProductFilter.minPriceCents' is defined here.
 String? get brand; String? get categoryId; 
String? get color; int? get minPriceCents; int? 
get maxPriceCents; String get sortBy; String? get 
searchQuery;
                                                  
                      ^^^^^^^^^^^^^
lib/logic/providers.freezed.dart:17:143: Context: 
'_$ProductFilter.searchQuery' is defined here.
 String? get brand; String? get categoryId; 
String? get color; int? get minPriceCents; int? 
get maxPriceCents; String get sortBy; String? get 
searchQuery;
                                                  
                                        
^^^^^^^^^^^
lib/logic/providers.freezed.dart:17:123: Context: 
'_$ProductFilter.sortBy' is defined here.
 String? get brand; String? get categoryId; 
String? get color; int? get minPriceCents; int? 
get maxPriceCents; String get sortBy; String? get 
searchQuery;
                                                  
                                        ^^^^^^
lib/data/models/discount_code.dart:10:7: Error: 
The non-abstract class 'DiscountCode' is missing 
implementations for these members:
 - _$DiscountCode.code
 - _$DiscountCode.createdAt
 - _$DiscountCode.createdBy
 - _$DiscountCode.currentUses
 - _$DiscountCode.description
 - _$DiscountCode.discountType
 - _$DiscountCode.discountValue
 - _$DiscountCode.expiresAt
 - _$DiscountCode.id
 - _$DiscountCode.isActive
 - _$DiscountCode.maxUses
 - _$DiscountCode.maxUsesPerUser
 - _$DiscountCode.minPurchase
 - _$DiscountCode.startsAt
 - _$DiscountCode.toJson
Try to either
 - provide an implementation,
 - inherit an implementation from a superclass or 
mixin,
 - mark the class as abstract, or
 - provide a 'noSuchMethod' implementation.
class DiscountCode with _$DiscountCode {
      ^^^^^^^^^^^^
lib/data/models/discount_code.freezed.dart:18:28: 
Context: '_$DiscountCode.code' is defined here.
 String get id; String get code; String? get 
description; String get discountType; int get 
discountValue; int get minPurchase; int? get 
maxUses; int get maxUsesPerUser; int get 
currentUses; bool get isActive;@JsonKey(fromJson: 
_nullableDateTimeFromJson) DateTime? get 
startsAt;@JsonKey(fromJson: 
_nullableDateTimeFromJson) DateTime? get 
expiresAt; String? get 
createdBy;@JsonKey(fromJson: 
_nullableDateTimeFromJson) DateTime? get 
createdAt;
                           ^^^^
lib/data/models/discount_code.freezed.dart:18:431:
 Context: '_$DiscountCode.createdAt' is defined 
here.
 String get id; String get code; String? get 
description; String get discountType; int get 
discountValue; int get minPurchase; int? get 
maxUses; int get maxUsesPerUser; int get 
currentUses; bool get isActive;@JsonKey(fromJson: 
_nullableDateTimeFromJson) DateTime? get 
startsAt;@JsonKey(fromJson: 
_nullableDateTimeFromJson) DateTime? get 
expiresAt; String? get 
createdBy;@JsonKey(fromJson: 
_nullableDateTimeFromJson) DateTime? get 
createdAt;
                                                  
                                        ^^^^^^^^^
lib/data/models/discount_code.freezed.dart:18:361:
 Context: '_$DiscountCode.createdBy' is defined 
here.
 String get id; String get code; String? get 
description; String get discountType; int get 
discountValue; int get minPurchase; int? get 
maxUses; int get maxUsesPerUser; int get 
currentUses; bool get isActive;@JsonKey(fromJson: 
_nullableDateTimeFromJson) DateTime? get 
startsAt;@JsonKey(fromJson: 
_nullableDateTimeFromJson) DateTime? get 
expiresAt; String? get 
createdBy;@JsonKey(fromJson: 
_nullableDateTimeFromJson) DateTime? get 
createdAt;
                                                  
                                        ^^^^^^^^^
lib/data/models/discount_code.freezed.dart:18:178:
 Context: '_$DiscountCode.currentUses' is defined 
here.
 String get id; String get code; String? get 
description; String get discountType; int get 
discountValue; int get minPurchase; int? get 
maxUses; int get maxUsesPerUser; int get 
currentUses; bool get isActive;@JsonKey(fromJson: 
_nullableDateTimeFromJson) DateTime? get 
startsAt;@JsonKey(fromJson: 
_nullableDateTimeFromJson) DateTime? get 
expiresAt; String? get 
createdBy;@JsonKey(fromJson: 
_nullableDateTimeFromJson) DateTime? get 
createdAt;
                                                  
                                        
^^^^^^^^^^^
lib/data/models/discount_code.freezed.dart:18:46: 
Context: '_$DiscountCode.description' is defined 
here.
 String get id; String get code; String? get 
description; String get discountType; int get 
discountValue; int get minPurchase; int? get 
maxUses; int get maxUsesPerUser; int get 
currentUses; bool get isActive;@JsonKey(fromJson: 
_nullableDateTimeFromJson) DateTime? get 
startsAt;@JsonKey(fromJson: 
_nullableDateTimeFromJson) DateTime? get 
expiresAt; String? get 
createdBy;@JsonKey(fromJson: 
_nullableDateTimeFromJson) DateTime? get 
createdAt;
                                             
^^^^^^^^^^^
lib/data/models/discount_code.freezed.dart:18:70: 
Context: '_$DiscountCode.discountType' is defined 
here.
 String get id; String get code; String? get 
description; String get discountType; int get 
discountValue; int get minPurchase; int? get 
maxUses; int get maxUsesPerUser; int get 
currentUses; bool get isActive;@JsonKey(fromJson: 
_nullableDateTimeFromJson) DateTime? get 
startsAt;@JsonKey(fromJson: 
_nullableDateTimeFromJson) DateTime? get 
expiresAt; String? get 
createdBy;@JsonKey(fromJson: 
_nullableDateTimeFromJson) DateTime? get 
createdAt;
                                                  
                   ^^^^^^^^^^^^
lib/data/models/discount_code.freezed.dart:18:92: 
Context: '_$DiscountCode.discountValue' is 
defined here.
 String get id; String get code; String? get 
description; String get discountType; int get 
discountValue; int get minPurchase; int? get 
maxUses; int get maxUsesPerUser; int get 
currentUses; bool get isActive;@JsonKey(fromJson: 
_nullableDateTimeFromJson) DateTime? get 
startsAt;@JsonKey(fromJson: 
_nullableDateTimeFromJson) DateTime? get 
expiresAt; String? get 
createdBy;@JsonKey(fromJson: 
_nullableDateTimeFromJson) DateTime? get 
createdAt;
                                                  
                                        
^^^^^^^^^^^^^
lib/data/models/discount_code.freezed.dart:18:338:
 Context: '_$DiscountCode.expiresAt' is defined 
here.
 String get id; String get code; String? get 
description; String get discountType; int get 
discountValue; int get minPurchase; int? get 
maxUses; int get maxUsesPerUser; int get 
currentUses; bool get isActive;@JsonKey(fromJson: 
_nullableDateTimeFromJson) DateTime? get 
startsAt;@JsonKey(fromJson: 
_nullableDateTimeFromJson) DateTime? get 
expiresAt; String? get 
createdBy;@JsonKey(fromJson: 
_nullableDateTimeFromJson) DateTime? get 
createdAt;
                                                  
                                        ^^^^^^^^^
lib/data/models/discount_code.freezed.dart:18:13: 
Context: '_$DiscountCode.id' is defined here.
 String get id; String get code; String? get 
description; String get discountType; int get 
discountValue; int get minPurchase; int? get 
maxUses; int get maxUsesPerUser; int get 
currentUses; bool get isActive;@JsonKey(fromJson: 
_nullableDateTimeFromJson) DateTime? get 
startsAt;@JsonKey(fromJson: 
_nullableDateTimeFromJson) DateTime? get 
expiresAt; String? get 
createdBy;@JsonKey(fromJson: 
_nullableDateTimeFromJson) DateTime? get 
createdAt;
            ^^
lib/data/models/discount_code.freezed.dart:18:200:
 Context: '_$DiscountCode.isActive' is defined 
here.
 String get id; String get code; String? get 
description; String get discountType; int get 
discountValue; int get minPurchase; int? get 
maxUses; int get maxUsesPerUser; int get 
currentUses; bool get isActive;@JsonKey(fromJson: 
_nullableDateTimeFromJson) DateTime? get 
startsAt;@JsonKey(fromJson: 
_nullableDateTimeFromJson) DateTime? get 
expiresAt; String? get 
createdBy;@JsonKey(fromJson: 
_nullableDateTimeFromJson) DateTime? get 
createdAt;
                                                  
                                        ^^^^^^^^
lib/data/models/discount_code.freezed.dart:18:137:
 Context: '_$DiscountCode.maxUses' is defined 
here.
 String get id; String get code; String? get 
description; String get discountType; int get 
discountValue; int get minPurchase; int? get 
maxUses; int get maxUsesPerUser; int get 
currentUses; bool get isActive;@JsonKey(fromJson: 
_nullableDateTimeFromJson) DateTime? get 
startsAt;@JsonKey(fromJson: 
_nullableDateTimeFromJson) DateTime? get 
expiresAt; String? get 
createdBy;@JsonKey(fromJson: 
_nullableDateTimeFromJson) DateTime? get 
createdAt;
                                                  
                                        ^^^^^^^
lib/data/models/discount_code.freezed.dart:18:154:
 Context: '_$DiscountCode.maxUsesPerUser' is 
defined here.
 String get id; String get code; String? get 
description; String get discountType; int get 
discountValue; int get minPurchase; int? get 
maxUses; int get maxUsesPerUser; int get 
currentUses; bool get isActive;@JsonKey(fromJson: 
_nullableDateTimeFromJson) DateTime? get 
startsAt;@JsonKey(fromJson: 
_nullableDateTimeFromJson) DateTime? get 
expiresAt; String? get 
createdBy;@JsonKey(fromJson: 
_nullableDateTimeFromJson) DateTime? get 
createdAt;
                                                  
                                        
^^^^^^^^^^^^^^
lib/data/models/discount_code.freezed.dart:18:115:
 Context: '_$DiscountCode.minPurchase' is defined 
here.
 String get id; String get code; String? get 
description; String get discountType; int get 
discountValue; int get minPurchase; int? get 
maxUses; int get maxUsesPerUser; int get 
currentUses; bool get isActive;@JsonKey(fromJson: 
_nullableDateTimeFromJson) DateTime? get 
startsAt;@JsonKey(fromJson: 
_nullableDateTimeFromJson) DateTime? get 
expiresAt; String? get 
createdBy;@JsonKey(fromJson: 
_nullableDateTimeFromJson) DateTime? get 
createdAt;
                                                  
                                        
^^^^^^^^^^^
lib/data/models/discount_code.freezed.dart:18:269:
 Context: '_$DiscountCode.startsAt' is defined 
here.
 String get id; String get code; String? get 
description; String get discountType; int get 
discountValue; int get minPurchase; int? get 
maxUses; int get maxUsesPerUser; int get 
currentUses; bool get isActive;@JsonKey(fromJson: 
_nullableDateTimeFromJson) DateTime? get 
startsAt;@JsonKey(fromJson: 
_nullableDateTimeFromJson) DateTime? get 
expiresAt; String? get 
createdBy;@JsonKey(fromJson: 
_nullableDateTimeFromJson) DateTime? get 
createdAt;
                                                  
                                        ^^^^^^^^
lib/data/models/discount_code.freezed.dart:26:24: 
Context: '_$DiscountCode.toJson' is defined here.
  Map<String, dynamic> toJson();
                       ^^^^^^
lib/data/models/user_profile.dart:10:7: Error: 
The non-abstract class 'UserProfile' is missing 
implementations for these members:
 - _$UserProfile.createdAt
 - _$UserProfile.email
 - _$UserProfile.fullName
 - _$UserProfile.id
 - _$UserProfile.isAdmin
 - _$UserProfile.isBanned
 - _$UserProfile.toJson
Try to either
 - provide an implementation,
 - inherit an implementation from a superclass or 
mixin,
 - mark the class as abstract, or
 - provide a 'noSuchMethod' implementation.
class UserProfile with _$UserProfile {
      ^^^^^^^^^^^
lib/data/models/user_profile.freezed.dart:18:153: 
Context: '_$UserProfile.createdAt' is defined 
here.
 String get id; String get email; String? get 
fullName; bool get isAdmin; bool get 
isBanned;@JsonKey(fromJson: 
_nullableDateTimeFromJson) DateTime? get 
createdAt;
                                                  
                                        ^^^^^^^^^
lib/data/models/user_profile.freezed.dart:18:28: 
Context: '_$UserProfile.email' is defined here.
 String get id; String get email; String? get 
fullName; bool get isAdmin; bool get 
isBanned;@JsonKey(fromJson: 
_nullableDateTimeFromJson) DateTime? get 
createdAt;
                           ^^^^^
lib/data/models/user_profile.freezed.dart:18:47: 
Context: '_$UserProfile.fullName' is defined here.
 String get id; String get email; String? get 
fullName; bool get isAdmin; bool get 
isBanned;@JsonKey(fromJson: 
_nullableDateTimeFromJson) DateTime? get 
createdAt;
                                              
^^^^^^^^
lib/data/models/user_profile.freezed.dart:18:13: 
Context: '_$UserProfile.id' is defined here.
 String get id; String get email; String? get 
fullName; bool get isAdmin; bool get 
isBanned;@JsonKey(fromJson: 
_nullableDateTimeFromJson) DateTime? get 
createdAt;
            ^^
lib/data/models/user_profile.freezed.dart:18:66: 
Context: '_$UserProfile.isAdmin' is defined here.
 String get id; String get email; String? get 
fullName; bool get isAdmin; bool get 
isBanned;@JsonKey(fromJson: 
_nullableDateTimeFromJson) DateTime? get 
createdAt;
                                                  
               ^^^^^^^
lib/data/models/user_profile.freezed.dart:18:84: 
Context: '_$UserProfile.isBanned' is defined here.
 String get id; String get email; String? get 
fullName; bool get isAdmin; bool get 
isBanned;@JsonKey(fromJson: 
_nullableDateTimeFromJson) DateTime? get 
createdAt;
                                                  
                                 ^^^^^^^^
lib/data/models/user_profile.freezed.dart:26:24: 
Context: '_$UserProfile.toJson' is defined here.
  Map<String, dynamic> toJson();
                       ^^^^^^
lib/data/models/cart_item.dart:8:7: Error: The 
non-abstract class 'CartItem' is missing 
implementations for these members:
 - _$CartItem.product
 - _$CartItem.quantity
 - _$CartItem.size
 - _$CartItem.toJson
Try to either
 - provide an implementation,
 - inherit an implementation from a superclass or 
mixin,
 - mark the class as abstract, or
 - provide a 'noSuchMethod' implementation.
class CartItem with _$CartItem {
      ^^^^^^^^
lib/data/models/cart_item.freezed.dart:18:14: 
Context: '_$CartItem.product' is defined here.
 Product get product; int get quantity; String 
get size;
             ^^^^^^^
lib/data/models/cart_item.freezed.dart:18:31: 
Context: '_$CartItem.quantity' is defined here.
 Product get product; int get quantity; String 
get size;
                              ^^^^^^^^
lib/data/models/cart_item.freezed.dart:18:52: 
Context: '_$CartItem.size' is defined here.
 Product get product; int get quantity; String 
get size;
                                                  
 ^^^^
lib/data/models/cart_item.freezed.dart:26:24: 
Context: '_$CartItem.toJson' is defined here.
  Map<String, dynamic> toJson();
                       ^^^^^^
lib/data/models/product.dart:20:7: Error: The 
non-abstract class 'Product' is missing 
implementations for these members:
 - _$Product.brand
 - _$Product.categoryId
 - _$Product.colorway
 - _$Product.comparePrice
 - _$Product.costPrice
 - _$Product.createdAt
 - _$Product.description
 - _$Product.detailedDescription
 - _$Product.discountType
 - _$Product.discountValue
 - _$Product.id
 - _$Product.images
 - _$Product.isActive
 - _$Product.isFeatured
 - _$Product.isLimitedEdition
 - _$Product.name
 - _$Product.price
 - _$Product.productModel
 - _$Product.releaseDate
 - _$Product.releaseType
 - _$Product.sizesAvailable
 - _$Product.sku
 - _$Product.slug
 - _$Product.stock
 - _$Product.tags
 - _$Product.toJson
Try to either
 - provide an implementation,
 - inherit an implementation from a superclass or 
mixin,
 - mark the class as abstract, or
 - provide a 'noSuchMethod' implementation.
class Product with _$Product {
      ^^^^^^^
lib/data/models/product.freezed.dart:18:264: 
Context: '_$Product.brand' is defined here.
 String get id; String get name; String get slug; 
String? get description; Map<String, dynamic>? 
get detailedDescription; int get price; int? get 
comparePrice; int? get 
costPrice;@JsonKey(fromJson: _intFromJson) int 
get stock; String? get categoryId; String? get 
brand;@JsonKey(name: 'model') String? get 
productModel; String? get colorway; String? get 
sku; bool get isLimitedEdition; bool get 
isFeatured; bool get isActive;@JsonKey(fromJson: 
_sizesFromJson) Map<String, dynamic> get 
sizesAvailable;@JsonKey(fromJson: 
_stringListFromJson) List<String> get 
images;@JsonKey(fromJson: _stringListFromJson) 
List<String> get tags;@JsonKey(fromJson: 
_dateTimeFromJson) DateTime get createdAt; 
String? get discountType; double? get 
discountValue; String? get releaseType; String? 
get releaseDate;
                                                  
                                        ^^^^^
lib/data/models/product.freezed.dart:18:240: 
Context: '_$Product.categoryId' is defined here.
 String get id; String get name; String get slug; 
String? get description; Map<String, dynamic>? 
get detailedDescription; int get price; int? get 
comparePrice; int? get 
costPrice;@JsonKey(fromJson: _intFromJson) int 
get stock; String? get categoryId; String? get 
brand;@JsonKey(name: 'model') String? get 
productModel; String? get colorway; String? get 
sku; bool get isLimitedEdition; bool get 
isFeatured; bool get isActive;@JsonKey(fromJson: 
_sizesFromJson) Map<String, dynamic> get 
sizesAvailable;@JsonKey(fromJson: 
_stringListFromJson) List<String> get 
images;@JsonKey(fromJson: _stringListFromJson) 
List<String> get tags;@JsonKey(fromJson: 
_dateTimeFromJson) DateTime get createdAt; 
String? get discountType; double? get 
discountValue; String? get releaseType; String? 
get releaseDate;
                                                  
                                        ^^^^^^^^^^
lib/data/models/product.freezed.dart:18:332: 
Context: '_$Product.colorway' is defined here.
 String get id; String get name; String get slug; 
String? get description; Map<String, dynamic>? 
get detailedDescription; int get price; int? get 
comparePrice; int? get 
costPrice;@JsonKey(fromJson: _intFromJson) int 
get stock; String? get categoryId; String? get 
brand;@JsonKey(name: 'model') String? get 
productModel; String? get colorway; String? get 
sku; bool get isLimitedEdition; bool get 
isFeatured; bool get isActive;@JsonKey(fromJson: 
_sizesFromJson) Map<String, dynamic> get 
sizesAvailable;@JsonKey(fromJson: 
_stringListFromJson) List<String> get 
images;@JsonKey(fromJson: _stringListFromJson) 
List<String> get tags;@JsonKey(fromJson: 
_dateTimeFromJson) DateTime get createdAt; 
String? get discountType; double? get 
discountValue; String? get releaseType; String? 
get releaseDate;
                                                  
                                        ^^^^^^^^
lib/data/models/product.freezed.dart:18:147: 
Context: '_$Product.comparePrice' is defined here.
 String get id; String get name; String get slug; 
String? get description; Map<String, dynamic>? 
get detailedDescription; int get price; int? get 
comparePrice; int? get 
costPrice;@JsonKey(fromJson: _intFromJson) int 
get stock; String? get categoryId; String? get 
brand;@JsonKey(name: 'model') String? get 
productModel; String? get colorway; String? get 
sku; bool get isLimitedEdition; bool get 
isFeatured; bool get isActive;@JsonKey(fromJson: 
_sizesFromJson) Map<String, dynamic> get 
sizesAvailable;@JsonKey(fromJson: 
_stringListFromJson) List<String> get 
images;@JsonKey(fromJson: _stringListFromJson) 
List<String> get tags;@JsonKey(fromJson: 
_dateTimeFromJson) DateTime get createdAt; 
String? get discountType; double? get 
discountValue; String? get releaseType; String? 
get releaseDate;
                                                  
                                        
^^^^^^^^^^^^
lib/data/models/product.freezed.dart:18:170: 
Context: '_$Product.costPrice' is defined here.
 String get id; String get name; String get slug; 
String? get description; Map<String, dynamic>? 
get detailedDescription; int get price; int? get 
comparePrice; int? get 
costPrice;@JsonKey(fromJson: _intFromJson) int 
get stock; String? get categoryId; String? get 
brand;@JsonKey(name: 'model') String? get 
productModel; String? get colorway; String? get 
sku; bool get isLimitedEdition; bool get 
isFeatured; bool get isActive;@JsonKey(fromJson: 
_sizesFromJson) Map<String, dynamic> get 
sizesAvailable;@JsonKey(fromJson: 
_stringListFromJson) List<String> get 
images;@JsonKey(fromJson: _stringListFromJson) 
List<String> get tags;@JsonKey(fromJson: 
_dateTimeFromJson) DateTime get createdAt; 
String? get discountType; double? get 
discountValue; String? get releaseType; String? 
get releaseDate;
                                                  
                                        ^^^^^^^^^
lib/data/models/product.freezed.dart:18:677: 
Context: '_$Product.createdAt' is defined here.
 String get id; String get name; String get slug; 
String? get description; Map<String, dynamic>? 
get detailedDescription; int get price; int? get 
comparePrice; int? get 
costPrice;@JsonKey(fromJson: _intFromJson) int 
get stock; String? get categoryId; String? get 
brand;@JsonKey(name: 'model') String? get 
productModel; String? get colorway; String? get 
sku; bool get isLimitedEdition; bool get 
isFeatured; bool get isActive;@JsonKey(fromJson: 
_sizesFromJson) Map<String, dynamic> get 
sizesAvailable;@JsonKey(fromJson: 
_stringListFromJson) List<String> get 
images;@JsonKey(fromJson: _stringListFromJson) 
List<String> get tags;@JsonKey(fromJson: 
_dateTimeFromJson) DateTime get createdAt; 
String? get discountType; double? get 
discountValue; String? get releaseType; String? 
get releaseDate;
                                                  
                                        ^^^^^^^^^
lib/data/models/product.freezed.dart:18:63: 
Context: '_$Product.description' is defined here.
 String get id; String get name; String get slug; 
String? get description; Map<String, dynamic>? 
get detailedDescription; int get price; int? get 
comparePrice; int? get 
costPrice;@JsonKey(fromJson: _intFromJson) int 
get stock; String? get categoryId; String? get 
brand;@JsonKey(name: 'model') String? get 
productModel; String? get colorway; String? get 
sku; bool get isLimitedEdition; bool get 
isFeatured; bool get isActive;@JsonKey(fromJson: 
_sizesFromJson) Map<String, dynamic> get 
sizesAvailable;@JsonKey(fromJson: 
_stringListFromJson) List<String> get 
images;@JsonKey(fromJson: _stringListFromJson) 
List<String> get tags;@JsonKey(fromJson: 
_dateTimeFromJson) DateTime get createdAt; 
String? get discountType; double? get 
discountValue; String? get releaseType; String? 
get releaseDate;
                                                  
            ^^^^^^^^^^^
lib/data/models/product.freezed.dart:18:102: 
Context: '_$Product.detailedDescription' is 
defined here.
 String get id; String get name; String get slug; 
String? get description; Map<String, dynamic>? 
get detailedDescription; int get price; int? get 
comparePrice; int? get 
costPrice;@JsonKey(fromJson: _intFromJson) int 
get stock; String? get categoryId; String? get 
brand;@JsonKey(name: 'model') String? get 
productModel; String? get colorway; String? get 
sku; bool get isLimitedEdition; bool get 
isFeatured; bool get isActive;@JsonKey(fromJson: 
_sizesFromJson) Map<String, dynamic> get 
sizesAvailable;@JsonKey(fromJson: 
_stringListFromJson) List<String> get 
images;@JsonKey(fromJson: _stringListFromJson) 
List<String> get tags;@JsonKey(fromJson: 
_dateTimeFromJson) DateTime get createdAt; 
String? get discountType; double? get 
discountValue; String? get releaseType; String? 
get releaseDate;
                                                  
                                        
^^^^^^^^^^^^^^^^^^^
lib/data/models/product.freezed.dart:18:700: 
Context: '_$Product.discountType' is defined here.
 String get id; String get name; String get slug; 
String? get description; Map<String, dynamic>? 
get detailedDescription; int get price; int? get 
comparePrice; int? get 
costPrice;@JsonKey(fromJson: _intFromJson) int 
get stock; String? get categoryId; String? get 
brand;@JsonKey(name: 'model') String? get 
productModel; String? get colorway; String? get 
sku; bool get isLimitedEdition; bool get 
isFeatured; bool get isActive;@JsonKey(fromJson: 
_sizesFromJson) Map<String, dynamic> get 
sizesAvailable;@JsonKey(fromJson: 
_stringListFromJson) List<String> get 
images;@JsonKey(fromJson: _stringListFromJson) 
List<String> get tags;@JsonKey(fromJson: 
_dateTimeFromJson) DateTime get createdAt; 
String? get discountType; double? get 
discountValue; String? get releaseType; String? 
get releaseDate;
                                                  
                                        
^^^^^^^^^^^^
lib/data/models/product.freezed.dart:18:726: 
Context: '_$Product.discountValue' is defined 
here.
 String get id; String get name; String get slug; 
String? get description; Map<String, dynamic>? 
get detailedDescription; int get price; int? get 
comparePrice; int? get 
costPrice;@JsonKey(fromJson: _intFromJson) int 
get stock; String? get categoryId; String? get 
brand;@JsonKey(name: 'model') String? get 
productModel; String? get colorway; String? get 
sku; bool get isLimitedEdition; bool get 
isFeatured; bool get isActive;@JsonKey(fromJson: 
_sizesFromJson) Map<String, dynamic> get 
sizesAvailable;@JsonKey(fromJson: 
_stringListFromJson) List<String> get 
images;@JsonKey(fromJson: _stringListFromJson) 
List<String> get tags;@JsonKey(fromJson: 
_dateTimeFromJson) DateTime get createdAt; 
String? get discountType; double? get 
discountValue; String? get releaseType; String? 
get releaseDate;
                                                  
                                        
^^^^^^^^^^^^^
lib/data/models/product.freezed.dart:18:13: 
Context: '_$Product.id' is defined here.
 String get id; String get name; String get slug; 
String? get description; Map<String, dynamic>? 
get detailedDescription; int get price; int? get 
comparePrice; int? get 
costPrice;@JsonKey(fromJson: _intFromJson) int 
get stock; String? get categoryId; String? get 
brand;@JsonKey(name: 'model') String? get 
productModel; String? get colorway; String? get 
sku; bool get isLimitedEdition; bool get 
isFeatured; bool get isActive;@JsonKey(fromJson: 
_sizesFromJson) Map<String, dynamic> get 
sizesAvailable;@JsonKey(fromJson: 
_stringListFromJson) List<String> get 
images;@JsonKey(fromJson: _stringListFromJson) 
List<String> get tags;@JsonKey(fromJson: 
_dateTimeFromJson) DateTime get createdAt; 
String? get discountType; double? get 
discountValue; String? get releaseType; String? 
get releaseDate;
            ^^
lib/data/models/product.freezed.dart:18:557: 
Context: '_$Product.images' is defined here.
 String get id; String get name; String get slug; 
String? get description; Map<String, dynamic>? 
get detailedDescription; int get price; int? get 
comparePrice; int? get 
costPrice;@JsonKey(fromJson: _intFromJson) int 
get stock; String? get categoryId; String? get 
brand;@JsonKey(name: 'model') String? get 
productModel; String? get colorway; String? get 
sku; bool get isLimitedEdition; bool get 
isFeatured; bool get isActive;@JsonKey(fromJson: 
_sizesFromJson) Map<String, dynamic> get 
sizesAvailable;@JsonKey(fromJson: 
_stringListFromJson) List<String> get 
images;@JsonKey(fromJson: _stringListFromJson) 
List<String> get tags;@JsonKey(fromJson: 
_dateTimeFromJson) DateTime get createdAt; 
String? get discountType; double? get 
discountValue; String? get releaseType; String? 
get releaseDate;
                                                  
                                        ^^^^^^
lib/data/models/product.freezed.dart:18:416: 
Context: '_$Product.isActive' is defined here.
 String get id; String get name; String get slug; 
String? get description; Map<String, dynamic>? 
get detailedDescription; int get price; int? get 
comparePrice; int? get 
costPrice;@JsonKey(fromJson: _intFromJson) int 
get stock; String? get categoryId; String? get 
brand;@JsonKey(name: 'model') String? get 
productModel; String? get colorway; String? get 
sku; bool get isLimitedEdition; bool get 
isFeatured; bool get isActive;@JsonKey(fromJson: 
_sizesFromJson) Map<String, dynamic> get 
sizesAvailable;@JsonKey(fromJson: 
_stringListFromJson) List<String> get 
images;@JsonKey(fromJson: _stringListFromJson) 
List<String> get tags;@JsonKey(fromJson: 
_dateTimeFromJson) DateTime get createdAt; 
String? get discountType; double? get 
discountValue; String? get releaseType; String? 
get releaseDate;
                                                  
                                        ^^^^^^^^
lib/data/models/product.freezed.dart:18:395: 
Context: '_$Product.isFeatured' is defined here.
 String get id; String get name; String get slug; 
String? get description; Map<String, dynamic>? 
get detailedDescription; int get price; int? get 
comparePrice; int? get 
costPrice;@JsonKey(fromJson: _intFromJson) int 
get stock; String? get categoryId; String? get 
brand;@JsonKey(name: 'model') String? get 
productModel; String? get colorway; String? get 
sku; bool get isLimitedEdition; bool get 
isFeatured; bool get isActive;@JsonKey(fromJson: 
_sizesFromJson) Map<String, dynamic> get 
sizesAvailable;@JsonKey(fromJson: 
_stringListFromJson) List<String> get 
images;@JsonKey(fromJson: _stringListFromJson) 
List<String> get tags;@JsonKey(fromJson: 
_dateTimeFromJson) DateTime get createdAt; 
String? get discountType; double? get 
discountValue; String? get releaseType; String? 
get releaseDate;
                                                  
                                        ^^^^^^^^^^
lib/data/models/product.freezed.dart:18:368: 
Context: '_$Product.isLimitedEdition' is defined 
here.
 String get id; String get name; String get slug; 
String? get description; Map<String, dynamic>? 
get detailedDescription; int get price; int? get 
comparePrice; int? get 
costPrice;@JsonKey(fromJson: _intFromJson) int 
get stock; String? get categoryId; String? get 
brand;@JsonKey(name: 'model') String? get 
productModel; String? get colorway; String? get 
sku; bool get isLimitedEdition; bool get 
isFeatured; bool get isActive;@JsonKey(fromJson: 
_sizesFromJson) Map<String, dynamic> get 
sizesAvailable;@JsonKey(fromJson: 
_stringListFromJson) List<String> get 
images;@JsonKey(fromJson: _stringListFromJson) 
List<String> get tags;@JsonKey(fromJson: 
_dateTimeFromJson) DateTime get createdAt; 
String? get discountType; double? get 
discountValue; String? get releaseType; String? 
get releaseDate;
                                                  
                                        
^^^^^^^^^^^^^^^^
lib/data/models/product.freezed.dart:18:28: 
Context: '_$Product.name' is defined here.
 String get id; String get name; String get slug; 
String? get description; Map<String, dynamic>? 
get detailedDescription; int get price; int? get 
comparePrice; int? get 
costPrice;@JsonKey(fromJson: _intFromJson) int 
get stock; String? get categoryId; String? get 
brand;@JsonKey(name: 'model') String? get 
productModel; String? get colorway; String? get 
sku; bool get isLimitedEdition; bool get 
isFeatured; bool get isActive;@JsonKey(fromJson: 
_sizesFromJson) Map<String, dynamic> get 
sizesAvailable;@JsonKey(fromJson: 
_stringListFromJson) List<String> get 
images;@JsonKey(fromJson: _stringListFromJson) 
List<String> get tags;@JsonKey(fromJson: 
_dateTimeFromJson) DateTime get createdAt; 
String? get discountType; double? get 
discountValue; String? get releaseType; String? 
get releaseDate;
                           ^^^^
lib/data/models/product.freezed.dart:18:131: 
Context: '_$Product.price' is defined here.
 String get id; String get name; String get slug; 
String? get description; Map<String, dynamic>? 
get detailedDescription; int get price; int? get 
comparePrice; int? get 
costPrice;@JsonKey(fromJson: _intFromJson) int 
get stock; String? get categoryId; String? get 
brand;@JsonKey(name: 'model') String? get 
productModel; String? get colorway; String? get 
sku; bool get isLimitedEdition; bool get 
isFeatured; bool get isActive;@JsonKey(fromJson: 
_sizesFromJson) Map<String, dynamic> get 
sizesAvailable;@JsonKey(fromJson: 
_stringListFromJson) List<String> get 
images;@JsonKey(fromJson: _stringListFromJson) 
List<String> get tags;@JsonKey(fromJson: 
_dateTimeFromJson) DateTime get createdAt; 
String? get discountType; double? get 
discountValue; String? get releaseType; String? 
get releaseDate;
                                                  
                                        ^^^^^
lib/data/models/product.freezed.dart:18:306: 
Context: '_$Product.productModel' is defined here.
 String get id; String get name; String get slug; 
String? get description; Map<String, dynamic>? 
get detailedDescription; int get price; int? get 
comparePrice; int? get 
costPrice;@JsonKey(fromJson: _intFromJson) int 
get stock; String? get categoryId; String? get 
brand;@JsonKey(name: 'model') String? get 
productModel; String? get colorway; String? get 
sku; bool get isLimitedEdition; bool get 
isFeatured; bool get isActive;@JsonKey(fromJson: 
_sizesFromJson) Map<String, dynamic> get 
sizesAvailable;@JsonKey(fromJson: 
_stringListFromJson) List<String> get 
images;@JsonKey(fromJson: _stringListFromJson) 
List<String> get tags;@JsonKey(fromJson: 
_dateTimeFromJson) DateTime get createdAt; 
String? get discountType; double? get 
discountValue; String? get releaseType; String? 
get releaseDate;
                                                  
                                        
^^^^^^^^^^^^
lib/data/models/product.freezed.dart:18:778: 
Context: '_$Product.releaseDate' is defined here.
 String get id; String get name; String get slug; 
String? get description; Map<String, dynamic>? 
get detailedDescription; int get price; int? get 
comparePrice; int? get 
costPrice;@JsonKey(fromJson: _intFromJson) int 
get stock; String? get categoryId; String? get 
brand;@JsonKey(name: 'model') String? get 
productModel; String? get colorway; String? get 
sku; bool get isLimitedEdition; bool get 
isFeatured; bool get isActive;@JsonKey(fromJson: 
_sizesFromJson) Map<String, dynamic> get 
sizesAvailable;@JsonKey(fromJson: 
_stringListFromJson) List<String> get 
images;@JsonKey(fromJson: _stringListFromJson) 
List<String> get tags;@JsonKey(fromJson: 
_dateTimeFromJson) DateTime get createdAt; 
String? get discountType; double? get 
discountValue; String? get releaseType; String? 
get releaseDate;
                                                  
                                        
^^^^^^^^^^^
lib/data/models/product.freezed.dart:18:753: 
Context: '_$Product.releaseType' is defined here.
 String get id; String get name; String get slug; 
String? get description; Map<String, dynamic>? 
get detailedDescription; int get price; int? get 
comparePrice; int? get 
costPrice;@JsonKey(fromJson: _intFromJson) int 
get stock; String? get categoryId; String? get 
brand;@JsonKey(name: 'model') String? get 
productModel; String? get colorway; String? get 
sku; bool get isLimitedEdition; bool get 
isFeatured; bool get isActive;@JsonKey(fromJson: 
_sizesFromJson) Map<String, dynamic> get 
sizesAvailable;@JsonKey(fromJson: 
_stringListFromJson) List<String> get 
images;@JsonKey(fromJson: _stringListFromJson) 
List<String> get tags;@JsonKey(fromJson: 
_dateTimeFromJson) DateTime get createdAt; 
String? get discountType; double? get 
discountValue; String? get releaseType; String? 
get releaseDate;
                                                  
                                        
^^^^^^^^^^^
lib/data/models/product.freezed.dart:18:485: 
Context: '_$Product.sizesAvailable' is defined 
here.
 String get id; String get name; String get slug; 
String? get description; Map<String, dynamic>? 
get detailedDescription; int get price; int? get 
comparePrice; int? get 
costPrice;@JsonKey(fromJson: _intFromJson) int 
get stock; String? get categoryId; String? get 
brand;@JsonKey(name: 'model') String? get 
productModel; String? get colorway; String? get 
sku; bool get isLimitedEdition; bool get 
isFeatured; bool get isActive;@JsonKey(fromJson: 
_sizesFromJson) Map<String, dynamic> get 
sizesAvailable;@JsonKey(fromJson: 
_stringListFromJson) List<String> get 
images;@JsonKey(fromJson: _stringListFromJson) 
List<String> get tags;@JsonKey(fromJson: 
_dateTimeFromJson) DateTime get createdAt; 
String? get discountType; double? get 
discountValue; String? get releaseType; String? 
get releaseDate;
                                                  
                                        
^^^^^^^^^^^^^^
lib/data/models/product.freezed.dart:18:354: 
Context: '_$Product.sku' is defined here.
 String get id; String get name; String get slug; 
String? get description; Map<String, dynamic>? 
get detailedDescription; int get price; int? get 
comparePrice; int? get 
costPrice;@JsonKey(fromJson: _intFromJson) int 
get stock; String? get categoryId; String? get 
brand;@JsonKey(name: 'model') String? get 
productModel; String? get colorway; String? get 
sku; bool get isLimitedEdition; bool get 
isFeatured; bool get isActive;@JsonKey(fromJson: 
_sizesFromJson) Map<String, dynamic> get 
sizesAvailable;@JsonKey(fromJson: 
_stringListFromJson) List<String> get 
images;@JsonKey(fromJson: _stringListFromJson) 
List<String> get tags;@JsonKey(fromJson: 
_dateTimeFromJson) DateTime get createdAt; 
String? get discountType; double? get 
discountValue; String? get releaseType; String? 
get releaseDate;
                                                  
                                        ^^^
lib/data/models/product.freezed.dart:18:45: 
Context: '_$Product.slug' is defined here.
 String get id; String get name; String get slug; 
String? get description; Map<String, dynamic>? 
get detailedDescription; int get price; int? get 
comparePrice; int? get 
costPrice;@JsonKey(fromJson: _intFromJson) int 
get stock; String? get categoryId; String? get 
brand;@JsonKey(name: 'model') String? get 
productModel; String? get colorway; String? get 
sku; bool get isLimitedEdition; bool get 
isFeatured; bool get isActive;@JsonKey(fromJson: 
_sizesFromJson) Map<String, dynamic> get 
sizesAvailable;@JsonKey(fromJson: 
_stringListFromJson) List<String> get 
images;@JsonKey(fromJson: _stringListFromJson) 
List<String> get tags;@JsonKey(fromJson: 
_dateTimeFromJson) DateTime get createdAt; 
String? get discountType; double? get 
discountValue; String? get releaseType; String? 
get releaseDate;
                                            ^^^^
lib/data/models/product.freezed.dart:18:221: 
Context: '_$Product.stock' is defined here.
 String get id; String get name; String get slug; 
String? get description; Map<String, dynamic>? 
get detailedDescription; int get price; int? get 
comparePrice; int? get 
costPrice;@JsonKey(fromJson: _intFromJson) int 
get stock; String? get categoryId; String? get 
brand;@JsonKey(name: 'model') String? get 
productModel; String? get colorway; String? get 
sku; bool get isLimitedEdition; bool get 
isFeatured; bool get isActive;@JsonKey(fromJson: 
_sizesFromJson) Map<String, dynamic> get 
sizesAvailable;@JsonKey(fromJson: 
_stringListFromJson) List<String> get 
images;@JsonKey(fromJson: _stringListFromJson) 
List<String> get tags;@JsonKey(fromJson: 
_dateTimeFromJson) DateTime get createdAt; 
String? get discountType; double? get 
discountValue; String? get releaseType; String? 
get releaseDate;
                                                  
                                        ^^^^^
lib/data/models/product.freezed.dart:18:621: 
Context: '_$Product.tags' is defined here.
 String get id; String get name; String get slug; 
String? get description; Map<String, dynamic>? 
get detailedDescription; int get price; int? get 
comparePrice; int? get 
costPrice;@JsonKey(fromJson: _intFromJson) int 
get stock; String? get categoryId; String? get 
brand;@JsonKey(name: 'model') String? get 
productModel; String? get colorway; String? get 
sku; bool get isLimitedEdition; bool get 
isFeatured; bool get isActive;@JsonKey(fromJson: 
_sizesFromJson) Map<String, dynamic> get 
sizesAvailable;@JsonKey(fromJson: 
_stringListFromJson) List<String> get 
images;@JsonKey(fromJson: _stringListFromJson) 
List<String> get tags;@JsonKey(fromJson: 
_dateTimeFromJson) DateTime get createdAt; 
String? get discountType; double? get 
discountValue; String? get releaseType; String? 
get releaseDate;
                                                  
                                        ^^^^
lib/data/models/product.freezed.dart:26:24: 
Context: '_$Product.toJson' is defined here.
  Map<String, dynamic> toJson();
                       ^^^^^^
lib/data/models/order.dart:9:7: Error: The 
non-abstract class 'OrderItem' is missing 
implementations for these members:
 - _$OrderItem.price
 - _$OrderItem.productBrand
 - _$OrderItem.productId
 - _$OrderItem.productImage
 - _$OrderItem.productName
 - _$OrderItem.quantity
 - _$OrderItem.size
Try to either
 - provide an implementation,
 - inherit an implementation from a superclass or 
mixin,
 - mark the class as abstract, or
 - provide a 'noSuchMethod' implementation.
class OrderItem with _$OrderItem {
      ^^^^^^^^^
lib/data/models/order.freezed.dart:17:106: 
Context: '_$OrderItem.price' is defined here.
 String get productId; String get productName; 
String get productBrand; String get productImage; 
int get price; String get size; int get quantity;
                                                  
                                        ^^^^^
lib/data/models/order.freezed.dart:17:59: 
Context: '_$OrderItem.productBrand' is defined 
here.
 String get productId; String get productName; 
String get productBrand; String get productImage; 
int get price; String get size; int get quantity;
                                                  
        ^^^^^^^^^^^^
lib/data/models/order.freezed.dart:17:13: 
Context: '_$OrderItem.productId' is defined here.
 String get productId; String get productName; 
String get productBrand; String get productImage; 
int get price; String get size; int get quantity;
            ^^^^^^^^^
lib/data/models/order.freezed.dart:17:84: 
Context: '_$OrderItem.productImage' is defined 
here.
 String get productId; String get productName; 
String get productBrand; String get productImage; 
int get price; String get size; int get quantity;
                                                  
                                 ^^^^^^^^^^^^
lib/data/models/order.freezed.dart:17:35: 
Context: '_$OrderItem.productName' is defined 
here.
 String get productId; String get productName; 
String get productBrand; String get productImage; 
int get price; String get size; int get quantity;
                                  ^^^^^^^^^^^
lib/data/models/order.freezed.dart:17:138: 
Context: '_$OrderItem.quantity' is defined here.
 String get productId; String get productName; 
String get productBrand; String get productImage; 
int get price; String get size; int get quantity;
                                                  
                                        ^^^^^^^^
lib/data/models/order.freezed.dart:17:124: 
Context: '_$OrderItem.size' is defined here.
 String get productId; String get productName; 
String get productBrand; String get productImage; 
int get price; String get size; int get quantity;
                                                  
                                        ^^^^
lib/data/models/order.dart:130:7: Error: The 
non-abstract class 'Order' is missing 
implementations for these members:
 - _$Order.cancelledReason
 - _$Order.createdAt
 - _$Order.discountAmount
 - _$Order.discountCodeId
 - _$Order.id
 - _$Order.items
 - _$Order.returnStatus
 - _$Order.shippingAddress
 - _$Order.shippingAmount
 - _$Order.shippingEmail
 - _$Order.shippingName
 - _$Order.shippingPhone
 - _$Order.status
 - _$Order.stripePaymentIntentId
 - _$Order.stripeSessionId
 - _$Order.subtotalAmount
 - _$Order.totalPrice
 - _$Order.updatedAt
 - _$Order.userId
Try to either
 - provide an implementation,
 - inherit an implementation from a superclass or 
mixin,
 - mark the class as abstract, or
 - provide a 'noSuchMethod' implementation.
class Order with _$Order {
      ^^^^^
lib/data/models/order.freezed.dart:292:280: 
Context: '_$Order.cancelledReason' is defined 
here.
 String get id; String? get stripeSessionId; 
String? get stripePaymentIntentId; String get 
userId; int get totalPrice; int? get 
subtotalAmount; int? get shippingAmount; int? get 
discountAmount; String? get discountCodeId; 
String get status; String? get returnStatus; 
String? get cancelledReason; List<OrderItem> get 
items; String? get shippingName; String? get 
shippingEmail; String? get shippingPhone; 
Map<String, dynamic>? get shippingAddress; 
DateTime get createdAt; DateTime? get updatedAt;
                                                  
                                        
^^^^^^^^^^^^^^^
lib/data/models/order.freezed.dart:292:460: 
Context: '_$Order.createdAt' is defined here.
 String get id; String? get stripeSessionId; 
String? get stripePaymentIntentId; String get 
userId; int get totalPrice; int? get 
subtotalAmount; int? get shippingAmount; int? get 
discountAmount; String? get discountCodeId; 
String get status; String? get returnStatus; 
String? get cancelledReason; List<OrderItem> get 
items; String? get shippingName; String? get 
shippingEmail; String? get shippingPhone; 
Map<String, dynamic>? get shippingAddress; 
DateTime get createdAt; DateTime? get updatedAt;
                                                  
                                        ^^^^^^^^^
lib/data/models/order.freezed.dart:292:179: 
Context: '_$Order.discountAmount' is defined here.
 String get id; String? get stripeSessionId; 
String? get stripePaymentIntentId; String get 
userId; int get totalPrice; int? get 
subtotalAmount; int? get shippingAmount; int? get 
discountAmount; String? get discountCodeId; 
String get status; String? get returnStatus; 
String? get cancelledReason; List<OrderItem> get 
items; String? get shippingName; String? get 
shippingEmail; String? get shippingPhone; 
Map<String, dynamic>? get shippingAddress; 
DateTime get createdAt; DateTime? get updatedAt;
                                                  
                                        
^^^^^^^^^^^^^^
lib/data/models/order.freezed.dart:292:207: 
Context: '_$Order.discountCodeId' is defined here.
 String get id; String? get stripeSessionId; 
String? get stripePaymentIntentId; String get 
userId; int get totalPrice; int? get 
subtotalAmount; int? get shippingAmount; int? get 
discountAmount; String? get discountCodeId; 
String get status; String? get returnStatus; 
String? get cancelledReason; List<OrderItem> get 
items; String? get shippingName; String? get 
shippingEmail; String? get shippingPhone; 
Map<String, dynamic>? get shippingAddress; 
DateTime get createdAt; DateTime? get updatedAt;
                                                  
                                        
^^^^^^^^^^^^^^
lib/data/models/order.freezed.dart:292:13: 
Context: '_$Order.id' is defined here.
 String get id; String? get stripeSessionId; 
String? get stripePaymentIntentId; String get 
userId; int get totalPrice; int? get 
subtotalAmount; int? get shippingAmount; int? get 
discountAmount; String? get discountCodeId; 
String get status; String? get returnStatus; 
String? get cancelledReason; List<OrderItem> get 
items; String? get shippingName; String? get 
shippingEmail; String? get shippingPhone; 
Map<String, dynamic>? get shippingAddress; 
DateTime get createdAt; DateTime? get updatedAt;
            ^^
lib/data/models/order.freezed.dart:292:317: 
Context: '_$Order.items' is defined here.
 String get id; String? get stripeSessionId; 
String? get stripePaymentIntentId; String get 
userId; int get totalPrice; int? get 
subtotalAmount; int? get shippingAmount; int? get 
discountAmount; String? get discountCodeId; 
String get status; String? get returnStatus; 
String? get cancelledReason; List<OrderItem> get 
items; String? get shippingName; String? get 
shippingEmail; String? get shippingPhone; 
Map<String, dynamic>? get shippingAddress; 
DateTime get createdAt; DateTime? get updatedAt;
                                                  
                                        ^^^^^
lib/data/models/order.freezed.dart:292:254: 
Context: '_$Order.returnStatus' is defined here.
 String get id; String? get stripeSessionId; 
String? get stripePaymentIntentId; String get 
userId; int get totalPrice; int? get 
subtotalAmount; int? get shippingAmount; int? get 
discountAmount; String? get discountCodeId; 
String get status; String? get returnStatus; 
String? get cancelledReason; List<OrderItem> get 
items; String? get shippingName; String? get 
shippingEmail; String? get shippingPhone; 
Map<String, dynamic>? get shippingAddress; 
DateTime get createdAt; DateTime? get updatedAt;
                                                  
                                        
^^^^^^^^^^^^
lib/data/models/order.freezed.dart:292:430: 
Context: '_$Order.shippingAddress' is defined 
here.
 String get id; String? get stripeSessionId; 
String? get stripePaymentIntentId; String get 
userId; int get totalPrice; int? get 
subtotalAmount; int? get shippingAmount; int? get 
discountAmount; String? get discountCodeId; 
String get status; String? get returnStatus; 
String? get cancelledReason; List<OrderItem> get 
items; String? get shippingName; String? get 
shippingEmail; String? get shippingPhone; 
Map<String, dynamic>? get shippingAddress; 
DateTime get createdAt; DateTime? get updatedAt;
                                                  
                                        
^^^^^^^^^^^^^^^
lib/data/models/order.freezed.dart:292:154: 
Context: '_$Order.shippingAmount' is defined here.
 String get id; String? get stripeSessionId; 
String? get stripePaymentIntentId; String get 
userId; int get totalPrice; int? get 
subtotalAmount; int? get shippingAmount; int? get 
discountAmount; String? get discountCodeId; 
String get status; String? get returnStatus; 
String? get cancelledReason; List<OrderItem> get 
items; String? get shippingName; String? get 
shippingEmail; String? get shippingPhone; 
Map<String, dynamic>? get shippingAddress; 
DateTime get createdAt; DateTime? get updatedAt;
                                                  
                                        
^^^^^^^^^^^^^^
lib/data/models/order.freezed.dart:292:362: 
Context: '_$Order.shippingEmail' is defined here.
 String get id; String? get stripeSessionId; 
String? get stripePaymentIntentId; String get 
userId; int get totalPrice; int? get 
subtotalAmount; int? get shippingAmount; int? get 
discountAmount; String? get discountCodeId; 
String get status; String? get returnStatus; 
String? get cancelledReason; List<OrderItem> get 
items; String? get shippingName; String? get 
shippingEmail; String? get shippingPhone; 
Map<String, dynamic>? get shippingAddress; 
DateTime get createdAt; DateTime? get updatedAt;
                                                  
                                        
^^^^^^^^^^^^^
lib/data/models/order.freezed.dart:292:336: 
Context: '_$Order.shippingName' is defined here.
 String get id; String? get stripeSessionId; 
String? get stripePaymentIntentId; String get 
userId; int get totalPrice; int? get 
subtotalAmount; int? get shippingAmount; int? get 
discountAmount; String? get discountCodeId; 
String get status; String? get returnStatus; 
String? get cancelledReason; List<OrderItem> get 
items; String? get shippingName; String? get 
shippingEmail; String? get shippingPhone; 
Map<String, dynamic>? get shippingAddress; 
DateTime get createdAt; DateTime? get updatedAt;
                                                  
                                        
^^^^^^^^^^^^
lib/data/models/order.freezed.dart:292:389: 
Context: '_$Order.shippingPhone' is defined here.
 String get id; String? get stripeSessionId; 
String? get stripePaymentIntentId; String get 
userId; int get totalPrice; int? get 
subtotalAmount; int? get shippingAmount; int? get 
discountAmount; String? get discountCodeId; 
String get status; String? get returnStatus; 
String? get cancelledReason; List<OrderItem> get 
items; String? get shippingName; String? get 
shippingEmail; String? get shippingPhone; 
Map<String, dynamic>? get shippingAddress; 
DateTime get createdAt; DateTime? get updatedAt;
                                                  
                                        
^^^^^^^^^^^^^
lib/data/models/order.freezed.dart:292:234: 
Context: '_$Order.status' is defined here.
 String get id; String? get stripeSessionId; 
String? get stripePaymentIntentId; String get 
userId; int get totalPrice; int? get 
subtotalAmount; int? get shippingAmount; int? get 
discountAmount; String? get discountCodeId; 
String get status; String? get returnStatus; 
String? get cancelledReason; List<OrderItem> get 
items; String? get shippingName; String? get 
shippingEmail; String? get shippingPhone; 
Map<String, dynamic>? get shippingAddress; 
DateTime get createdAt; DateTime? get updatedAt;
                                                  
                                        ^^^^^^
lib/data/models/order.freezed.dart:292:58: 
Context: '_$Order.stripePaymentIntentId' is 
defined here.
 String get id; String? get stripeSessionId; 
String? get stripePaymentIntentId; String get 
userId; int get totalPrice; int? get 
subtotalAmount; int? get shippingAmount; int? get 
discountAmount; String? get discountCodeId; 
String get status; String? get returnStatus; 
String? get cancelledReason; List<OrderItem> get 
items; String? get shippingName; String? get 
shippingEmail; String? get shippingPhone; 
Map<String, dynamic>? get shippingAddress; 
DateTime get createdAt; DateTime? get updatedAt;
                                                  
       ^^^^^^^^^^^^^^^^^^^^^
lib/data/models/order.freezed.dart:292:29: 
Context: '_$Order.stripeSessionId' is defined 
here.
 String get id; String? get stripeSessionId; 
String? get stripePaymentIntentId; String get 
userId; int get totalPrice; int? get 
subtotalAmount; int? get shippingAmount; int? get 
discountAmount; String? get discountCodeId; 
String get status; String? get returnStatus; 
String? get cancelledReason; List<OrderItem> get 
items; String? get shippingName; String? get 
shippingEmail; String? get shippingPhone; 
Map<String, dynamic>? get shippingAddress; 
DateTime get createdAt; DateTime? get updatedAt;
                            ^^^^^^^^^^^^^^^
lib/data/models/order.freezed.dart:292:129: 
Context: '_$Order.subtotalAmount' is defined here.
 String get id; String? get stripeSessionId; 
String? get stripePaymentIntentId; String get 
userId; int get totalPrice; int? get 
subtotalAmount; int? get shippingAmount; int? get 
discountAmount; String? get discountCodeId; 
String get status; String? get returnStatus; 
String? get cancelledReason; List<OrderItem> get 
items; String? get shippingName; String? get 
shippingEmail; String? get shippingPhone; 
Map<String, dynamic>? get shippingAddress; 
DateTime get createdAt; DateTime? get updatedAt;
                                                  
                                        
^^^^^^^^^^^^^^
lib/data/models/order.freezed.dart:292:108: 
Context: '_$Order.totalPrice' is defined here.
 String get id; String? get stripeSessionId; 
String? get stripePaymentIntentId; String get 
userId; int get totalPrice; int? get 
subtotalAmount; int? get shippingAmount; int? get 
discountAmount; String? get discountCodeId; 
String get status; String? get returnStatus; 
String? get cancelledReason; List<OrderItem> get 
items; String? get shippingName; String? get 
shippingEmail; String? get shippingPhone; 
Map<String, dynamic>? get shippingAddress; 
DateTime get createdAt; DateTime? get updatedAt;
                                                  
                                        ^^^^^^^^^^
lib/data/models/order.freezed.dart:292:485: 
Context: '_$Order.updatedAt' is defined here.
 String get id; String? get stripeSessionId; 
String? get stripePaymentIntentId; String get 
userId; int get totalPrice; int? get 
subtotalAmount; int? get shippingAmount; int? get 
discountAmount; String? get discountCodeId; 
String get status; String? get returnStatus; 
String? get cancelledReason; List<OrderItem> get 
items; String? get shippingName; String? get 
shippingEmail; String? get shippingPhone; 
Map<String, dynamic>? get shippingAddress; 
DateTime get createdAt; DateTime? get updatedAt;
                                                  
                                        ^^^^^^^^^
lib/data/models/order.freezed.dart:292:92: 
Context: '_$Order.userId' is defined here.
 String get id; String? get stripeSessionId; 
String? get stripePaymentIntentId; String get 
userId; int get totalPrice; int? get 
subtotalAmount; int? get shippingAmount; int? get 
discountAmount; String? get discountCodeId; 
String get status; String? get returnStatus; 
String? get cancelledReason; List<OrderItem> get 
items; String? get shippingName; String? get 
shippingEmail; String? get shippingPhone; 
Map<String, dynamic>? get shippingAddress; 
DateTime get createdAt; DateTime? get updatedAt;
                                                  
                                        ^^^^^^
lib/data/models/category.dart:7:7: Error: The 
non-abstract class 'Category' is missing 
implementations for these members:
 - _$Category.description
 - _$Category.displayOrder
 - _$Category.icon
 - _$Category.id
 - _$Category.name
 - _$Category.slug
 - _$Category.toJson
Try to either
 - provide an implementation,
 - inherit an implementation from a superclass or 
mixin,
 - mark the class as abstract, or
 - provide a 'noSuchMethod' implementation.
class Category with _$Category {
      ^^^^^^^^
lib/data/models/category.freezed.dart:18:63: 
Context: '_$Category.description' is defined here.
 String get id; String get name; String get slug; 
String? get description; String? get icon; int 
get displayOrder;
                                                  
            ^^^^^^^^^^^
lib/data/models/category.freezed.dart:18:102: 
Context: '_$Category.displayOrder' is defined 
here.
 String get id; String get name; String get slug; 
String? get description; String? get icon; int 
get displayOrder;
                                                  
                                        
^^^^^^^^^^^^
lib/data/models/category.freezed.dart:18:88: 
Context: '_$Category.icon' is defined here.
 String get id; String get name; String get slug; 
String? get description; String? get icon; int 
get displayOrder;
                                                  
                                     ^^^^
lib/data/models/category.freezed.dart:18:13: 
Context: '_$Category.id' is defined here.
 String get id; String get name; String get slug; 
String? get description; String? get icon; int 
get displayOrder;
            ^^
lib/data/models/category.freezed.dart:18:28: 
Context: '_$Category.name' is defined here.
 String get id; String get name; String get slug; 
String? get description; String? get icon; int 
get displayOrder;
                           ^^^^
lib/data/models/category.freezed.dart:18:45: 
Context: '_$Category.slug' is defined here.
 String get id; String get name; String get slug; 
String? get description; String? get icon; int 
get displayOrder;
                                            ^^^^
lib/data/models/category.freezed.dart:26:24: 
Context: '_$Category.toJson' is defined here.
  Map<String, dynamic> toJson();
                       ^^^^^^
lib/data/repositories/discount_repository.dart:192
:7: Error: The non-abstract class 
'DiscountValidationResult' is missing 
implementations for these members:
 - _$DiscountValidationResult.discountAmount
 - _$DiscountValidationResult.discountCode
 - _$DiscountValidationResult.error
 - _$DiscountValidationResult.valid
Try to either
 - provide an implementation,
 - inherit an implementation from a superclass or 
mixin,
 - mark the class as abstract, or
 - provide a 'noSuchMethod' implementation.
class DiscountValidationResult with 
_$DiscountValidationResult {
      ^^^^^^^^^^^^^^^^^^^^^^^^
lib/data/repositories/discount_repository.freezed.
dart:17:78: Context: 
'_$DiscountValidationResult.discountAmount' is 
defined here.
 bool get valid; String? get error; DiscountCode? 
get discountCode; int? get discountAmount;
                                                  
                           ^^^^^^^^^^^^^^
lib/data/repositories/discount_repository.freezed.
dart:17:55: Context: 
'_$DiscountValidationResult.discountCode' is 
defined here.
 bool get valid; String? get error; DiscountCode? 
get discountCode; int? get discountAmount;
                                                  
    ^^^^^^^^^^^^
lib/data/repositories/discount_repository.freezed.
dart:17:30: Context: 
'_$DiscountValidationResult.error' is defined 
here.
 bool get valid; String? get error; DiscountCode? 
get discountCode; int? get discountAmount;
                             ^^^^^
lib/data/repositories/discount_repository.freezed.
dart:17:11: Context: 
'_$DiscountValidationResult.valid' is defined 
here.
 bool get valid; String? get error; DiscountCode? 
get discountCode; int? get discountAmount;
          ^^^^^
lib/data/repositories/email_repository.dart:4:49: 
Error: Too few positional arguments: 1 required, 
0 given.
  final EmailService emailService = 
EmailService();
                                                ^
lib/data/services/email_service.dart:9:3: 
Context: Found this candidate, but the arguments 
don't match.
  EmailService(this._client);
  ^^^^^^^^^^^^
lib/data/repositories/email_repository.dart:43:46:
 Error: Too many positional arguments: 3 allowed, 
but 4 found.
Try removing the extra positional arguments.
    return 
emailService.sendOrderStatusUpdate(email, 
orderId, status, trackingUrl);
                                             ^
lib/data/repositories/email_repository.dart:61:25:
 Error: The method 'sendPasswordResetEmail' isn't 
defined for the type 'EmailService'.
 - 'EmailService' is from 'package:kickspremium_mo
bile/data/services/email_service.dart' 
('lib/data/services/email_service.dart').
Try correcting the name to the name of an 
existing method, or defining a method named 
'sendPasswordResetEmail'.
    return 
emailService.sendPasswordResetEmail(email, name, 
resetLink);
                        ^^^^^^^^^^^^^^^^^^^^^^
lib/data/repositories/email_repository.dart:71:25:
 Error: The method 'sendContactFormEmail' isn't 
defined for the type 'EmailService'.
 - 'EmailService' is from 'package:kickspremium_mo
bile/data/services/email_service.dart' 
('lib/data/services/email_service.dart').
Try correcting the name to the name of an 
existing method, or defining a method named 
'sendContactFormEmail'.
    return emailService.sendContactFormEmail(
                        ^^^^^^^^^^^^^^^^^^^^
lib/data/repositories/email_repository.dart:86:25:
 Error: The method 'sendProblemReportEmail' isn't 
defined for the type 'EmailService'.
 - 'EmailService' is from 'package:kickspremium_mo
bile/data/services/email_service.dart' 
('lib/data/services/email_service.dart').
Try correcting the name to the name of an 
existing method, or defining a method named 
'sendProblemReportEmail'.
    return emailService.sendProblemReportEmail(
                        ^^^^^^^^^^^^^^^^^^^^^^
lib/data/repositories/email_repository.dart:103:25
: Error: The method 
'sendCancellationInvoiceEmail' isn't defined for 
the type 'EmailService'.
 - 'EmailService' is from 'package:kickspremium_mo
bile/data/services/email_service.dart' 
('lib/data/services/email_service.dart').
Try correcting the name to the name of an 
existing method, or defining a method named 
'sendCancellationInvoiceEmail'.
    return 
emailService.sendCancellationInvoiceEmail(
                        
^^^^^^^^^^^^^^^^^^^^^^^^^^^^
Target kernel_snapshot_program failed: Exception


FAILURE: Build failed with an exception.

* What went wrong:
Execution failed for task 
':app:compileFlutterBuildDebug'.
> Process 'command 
'C:\Users\jgomq\flutter\bin\flutter.bat'' 
finished with non-zero exit value 1

* Try:
> Run with --stacktrace option to get the stack 
trace.
> Run with --info or --debug option to get more 
log output.
> Run with --scan to get full insights.
> Get more help at https://help.gradle.org.

BUILD FAILED in 5s
Running Gradle task 'assembleDebug'...                              5,6s
Gradle task assembleDebug failed with exit code 1
